---
source: config/tests/config_tests.rs
expression: worker_cache
---
{
  "workers": {
    "gXRm2XC01U+fnSm/b5eUDX8s5bLTlnFvPq9m9TV13djXPIDmoBXR3LTZI4mx+47CBRrkXiOXAz8eb25orn3LlG4ce4ioHsC3G+rkrHASgYpuup3bYqh9SWGWryza6Qj2": {
      "0": {
        "transactions": "/ip4/127.0.0.1/tcp/2/http",
        "worker_to_worker": "/ip4/127.0.0.1/tcp/3/http",
        "primary_to_worker": "/ip4/127.0.0.1/tcp/1/http"
      },
      "1": {
        "transactions": "/ip4/127.0.0.1/tcp/5/http",
        "worker_to_worker": "/ip4/127.0.0.1/tcp/6/http",
        "primary_to_worker": "/ip4/127.0.0.1/tcp/4/http"
      },
      "2": {
        "transactions": "/ip4/127.0.0.1/tcp/8/http",
        "worker_to_worker": "/ip4/127.0.0.1/tcp/9/http",
        "primary_to_worker": "/ip4/127.0.0.1/tcp/7/http"
      },
      "3": {
        "transactions": "/ip4/127.0.0.1/tcp/11/http",
        "worker_to_worker": "/ip4/127.0.0.1/tcp/12/http",
        "primary_to_worker": "/ip4/127.0.0.1/tcp/10/http"
      }
    },
    "jGbcLB6p5T8JhcF7TnrxmRK208QODFkgpaElCbTrNhn14H7Fbqd/CzBim6HMctdbE5RgeCpfDi+J+0xCtLil+uPSYBAiIOY9B1Tn4YRt7v05iOreTtN/E4VDfRneGhYY": {
      "0": {
        "transactions": "/ip4/127.0.0.1/tcp/2/http",
        "worker_to_worker": "/ip4/127.0.0.1/tcp/3/http",
        "primary_to_worker": "/ip4/127.0.0.1/tcp/1/http"
      },
      "1": {
        "transactions": "/ip4/127.0.0.1/tcp/5/http",
        "worker_to_worker": "/ip4/127.0.0.1/tcp/6/http",
        "primary_to_worker": "/ip4/127.0.0.1/tcp/4/http"
      },
      "2": {
        "transactions": "/ip4/127.0.0.1/tcp/8/http",
        "worker_to_worker": "/ip4/127.0.0.1/tcp/9/http",
        "primary_to_worker": "/ip4/127.0.0.1/tcp/7/http"
      },
      "3": {
        "transactions": "/ip4/127.0.0.1/tcp/11/http",
        "worker_to_worker": "/ip4/127.0.0.1/tcp/12/http",
        "primary_to_worker": "/ip4/127.0.0.1/tcp/10/http"
      }
    },
    "jzfr4XMAzwVrXp649awD3COGEb/1P36tEbDsHve3ykAgIoUu5DMoDgDwKvAG2XJjCkyO8zBhfGLN9kseI855aMw6MvgHRwEwgQyMwqYJHCh85eGUeSMpF54TR9FEakOJ": {
      "0": {
        "transactions": "/ip4/127.0.0.1/tcp/2/http",
        "worker_to_worker": "/ip4/127.0.0.1/tcp/3/http",
        "primary_to_worker": "/ip4/127.0.0.1/tcp/1/http"
      },
      "1": {
        "transactions": "/ip4/127.0.0.1/tcp/5/http",
        "worker_to_worker": "/ip4/127.0.0.1/tcp/6/http",
        "primary_to_worker": "/ip4/127.0.0.1/tcp/4/http"
      },
      "2": {
        "transactions": "/ip4/127.0.0.1/tcp/8/http",
        "worker_to_worker": "/ip4/127.0.0.1/tcp/9/http",
        "primary_to_worker": "/ip4/127.0.0.1/tcp/7/http"
      },
      "3": {
        "transactions": "/ip4/127.0.0.1/tcp/11/http",
        "worker_to_worker": "/ip4/127.0.0.1/tcp/12/http",
        "primary_to_worker": "/ip4/127.0.0.1/tcp/10/http"
      }
    },
    "o9G+azrMTgG71uhpFHtiU+rjwpWA5gbxxlWY5xXxaw6XEytWoA6+3a2dcOLvXJFoEfalxLah8fKNlf8lMsctYJI8Wu6A6fgqYo7tE6VKcfqizkazJqsTN3zwr8I3pfRZ": {
      "0": {
        "transactions": "/ip4/127.0.0.1/tcp/2/http",
        "worker_to_worker": "/ip4/127.0.0.1/tcp/3/http",
        "primary_to_worker": "/ip4/127.0.0.1/tcp/1/http"
      },
      "1": {
        "transactions": "/ip4/127.0.0.1/tcp/5/http",
        "worker_to_worker": "/ip4/127.0.0.1/tcp/6/http",
        "primary_to_worker": "/ip4/127.0.0.1/tcp/4/http"
      },
      "2": {
        "transactions": "/ip4/127.0.0.1/tcp/8/http",
        "worker_to_worker": "/ip4/127.0.0.1/tcp/9/http",
        "primary_to_worker": "/ip4/127.0.0.1/tcp/7/http"
      },
      "3": {
        "transactions": "/ip4/127.0.0.1/tcp/11/http",
        "worker_to_worker": "/ip4/127.0.0.1/tcp/12/http",
        "primary_to_worker": "/ip4/127.0.0.1/tcp/10/http"
      }
    }
  },
  "epoch": 0
}
